// Jest Snapshot v1, https://goo.gl/fbAQLP

exports[`Pruebas en GiftItem debe de hacer match con el snapshot 1`] = `
<div>
  <div
    class="card"
  >
    <img
      alt="Un título"
      src="https://localhost/algo.jpg"
    />
    <p>
      Un título
    </p>
  </div>
</div>
`;
